ARM Linker, 4.1 [Build 481] [Standard]

==============================================================================

Section Cross References

    startup.o(STACK) refers (Special) to heapauxi.o(.text) for __use_two_region_memory
    startup.o(HEAP) refers (Special) to heapauxi.o(.text) for __use_two_region_memory
    startup.o(RESET) refers (Special) to heapauxi.o(.text) for __use_two_region_memory
    startup.o(RESET) refers to os_cpu_a.o(.text) for SWIHandler
    startup.o(RESET) refers to startup.o(STACK) for Stack_Top
    startup.o(RESET) refers to __main.o(!!!main) for __main
    startup.o(.text) refers (Special) to heapauxi.o(.text) for __use_two_region_memory
    startup.o(.text) refers to startup.o(HEAP) for Heap_Mem
    startup.o(.text) refers to startup.o(STACK) for Stack_Mem
    mian.o(.text) refers to os_time.o(.text) for OSTimeDly
    mian.o(.text) refers to targetinit.o(.text) for TargetResetInit
    mian.o(.text) refers to os_core.o(.text) for OSInit
    mian.o(.text) refers to os_task.o(.text) for OSTaskCreate
    mian.o(.text) refers to mian.o(.bss) for TaskStk0
    targetinit.o(.text) refers to os_core.o(.text) for OSTimeTick
    targetinit.o(.text) refers to rand.o(.text) for srand
    targetinit.o(.text) refers to aeabi_sdiv.o(.text_udiv) for __aeabi_uidivmod
    os_core.o(.text) refers to os_cpu_c.o(.text) for OSTaskIdleHook
    os_core.o(.text) refers to os_task.o(.text) for OSTaskCreateExt
    os_core.o(.text) refers to os_core.o(.data) for OSIntNesting
    os_core.o(.text) refers to os_core.o(.constdata) for OSUnMapTbl
    os_core.o(.text) refers to os_core.o(.bss) for OSTCBPrioTbl
    os_core.o(.text) refers to os_flag.o(.text) for OS_FlagInit
    os_core.o(.text) refers to os_mem.o(.text) for OS_MemInit
    os_core.o(.text) refers to os_q.o(.text) for OS_QInit
    os_core.o(.text) refers to os_tmr.o(.text) for OSTmr_Init
    os_core.o(.text) refers to os_dbg_r.o(.text) for OSDebugInit
    os_core.o(.text) refers to os_cpu_a.o(.text) for OSIntCtxSw
    os_dbg_r.o(.text) refers to os_dbg_r.o(.constdata) for OSDebugEn
    os_dbg_r.o(.text) refers to os_core.o(.bss) for OSTmrTbl
    os_flag.o(.text) refers to os_core.o(.text) for OS_Sched
    os_flag.o(.text) refers to os_core.o(.data) for OSIntNesting
    os_flag.o(.text) refers to os_core.o(.bss) for OSFlagTbl
    os_mbox.o(.text) refers to os_core.o(.text) for OS_EventWaitListInit
    os_mbox.o(.text) refers to os_core.o(.data) for OSIntNesting
    os_mem.o(.text) refers to os_core.o(.text) for OS_StrCopy
    os_mem.o(.text) refers to os_core.o(.data) for OSMemFreeList
    os_mem.o(.text) refers to os_core.o(.bss) for OSMemTbl
    os_mutex.o(.text) refers to os_core.o(.text) for OS_EventWaitListInit
    os_mutex.o(.text) refers to os_core.o(.data) for OSIntNesting
    os_mutex.o(.text) refers to os_core.o(.bss) for OSTCBPrioTbl
    os_q.o(.text) refers to os_core.o(.text) for OS_EventWaitListInit
    os_q.o(.text) refers to os_core.o(.data) for OSIntNesting
    os_q.o(.text) refers to os_core.o(.bss) for OSQTbl
    os_sem.o(.text) refers to os_core.o(.text) for OS_EventWaitListInit
    os_sem.o(.text) refers to os_core.o(.data) for OSIntNesting
    os_task.o(.text) refers to os_core.o(.text) for OS_Sched
    os_task.o(.text) refers to os_cpu_c.o(.text) for OSTaskStkInit
    os_task.o(.text) refers to os_flag.o(.text) for OS_FlagUnlink
    os_task.o(.text) refers to os_core.o(.bss) for OSTCBPrioTbl
    os_task.o(.text) refers to os_core.o(.data) for OSTCBCur
    os_time.o(.text) refers to os_core.o(.text) for OS_Sched
    os_time.o(.text) refers to aeabi_sdiv.o(.text_udiv) for __aeabi_uidivmod
    os_time.o(.text) refers to os_core.o(.data) for OSIntNesting
    os_time.o(.text) refers to os_core.o(.bss) for OSTCBPrioTbl
    os_tmr.o(.text) refers to os_sem.o(.text) for OSSemPost
    os_tmr.o(.text) refers to os_core.o(.text) for OS_StrLen
    os_tmr.o(.text) refers to os_task.o(.text) for OSTaskCreateExt
    os_tmr.o(.text) refers to os_core.o(.data) for OSTmrSem
    os_tmr.o(.text) refers to os_core.o(.bss) for OSTmrWheelTbl
    os_cpu_a.o(.text) refers (Special) to os_cpu_c.o(.text) for _OS_EXIT_CRITICAL
    os_cpu_a.o(.text) refers to os_core.o(.text) for OSIntExit
    os_cpu_a.o(.text) refers to os_core.o(.data) for OSIntNesting
    os_cpu_c.o(.text) refers to os_tmr.o(.text) for OSTmrSignal
    os_cpu_c.o(.text) refers to os_cpu_c.o(.data) for OSTmrCtr
    os_cpu_c.o(.text) refers to os_core.o(.data) for OSRunning
    rand.o(.emb_text) refers (Special) to libinit2.o(.ARM.Collect$$libinit$$00000009) for __rt_lib_init_rand_2
    rand.o(.emb_text) refers to rand.o(.text) for _rand_init
    rand.o(.emb_text) refers to rand.o(.bss) for _random_number_data
    rand.o(.text) refers (Special) to libinit2.o(.ARM.Collect$$libinit$$00000009) for __rt_lib_init_rand_2
    rand.o(.text) refers to rand.o(.bss) for .bss
    rand.o(.bss) refers (Special) to libinit2.o(.ARM.Collect$$libinit$$00000009) for __rt_lib_init_rand_2
    aeabi_sdiv.o(.text_udiv) refers to aeabi_sdiv.o(.text) for __arm_div2
    aeabi_sdiv_div0.o(.text_udiv) refers to aeabi_sdiv_div0.o(.text) for __arm_div2
    __main.o(!!!main) refers to rtentry.o(.ARM.Collect$$rtentry$$00000000) for __rt_entry
    rtentry.o(.ARM.Collect$$rtentry$$00000000) refers (Special) to rtentry2.o(.ARM.Collect$$rtentry$$0000000A) for __rt_entry_li
    rtentry.o(.ARM.Collect$$rtentry$$00000000) refers (Special) to rtentry2.o(.ARM.Collect$$rtentry$$0000000D) for __rt_entry_main
    rtentry.o(.ARM.Collect$$rtentry$$00000000) refers (Special) to rtentry2.o(.ARM.Collect$$rtentry$$0000000C) for __rt_entry_postli_1
    rtentry.o(.ARM.Collect$$rtentry$$00000000) refers (Special) to rtentry2.o(.ARM.Collect$$rtentry$$00000009) for __rt_entry_postsh_1
    rtentry.o(.ARM.Collect$$rtentry$$00000000) refers (Special) to rtentry2.o(.ARM.Collect$$rtentry$$00000002) for __rt_entry_presh_1
    rtentry.o(.ARM.Collect$$rtentry$$00000000) refers (Special) to rtentry4.o(.ARM.Collect$$rtentry$$00000004) for __rt_entry_sh
    rtentry.o(.ARM.exidx) refers (Special) to rtentry2.o(.ARM.Collect$$rtentry$$0000000A) for __rt_entry_li
    rtentry.o(.ARM.exidx) refers (Special) to rtentry2.o(.ARM.Collect$$rtentry$$0000000D) for __rt_entry_main
    rtentry.o(.ARM.exidx) refers (Special) to rtentry2.o(.ARM.Collect$$rtentry$$0000000C) for __rt_entry_postli_1
    rtentry.o(.ARM.exidx) refers (Special) to rtentry2.o(.ARM.Collect$$rtentry$$00000009) for __rt_entry_postsh_1
    rtentry.o(.ARM.exidx) refers (Special) to rtentry2.o(.ARM.Collect$$rtentry$$00000002) for __rt_entry_presh_1
    rtentry.o(.ARM.exidx) refers (Special) to rtentry4.o(.ARM.Collect$$rtentry$$00000004) for __rt_entry_sh
    rtentry.o(.ARM.exidx) refers to rtentry.o(.ARM.Collect$$rtentry$$00000000) for .ARM.Collect$$rtentry$$00000000
    aeabi_idiv0_sigfpe.o(.text) refers to rt_div0.o(.text) for __rt_div0
    libinit2.o(.ARM.Collect$$libinit$$00000009) refers (Weak) to rand.o(.text) for _rand_init
    libinit2.o(.ARM.Collect$$libinit$$0000000C) refers to libinit2.o(.ARM.Collect$$libinit$$0000000B) for .ARM.Collect$$libinit$$0000000B
    libinit2.o(.ARM.Collect$$libinit$$0000000E) refers to libinit2.o(.ARM.Collect$$libinit$$0000000B) for .ARM.Collect$$libinit$$0000000B
    libinit2.o(.ARM.Collect$$libinit$$00000010) refers to libinit2.o(.ARM.Collect$$libinit$$0000000B) for .ARM.Collect$$libinit$$0000000B
    libinit2.o(.ARM.Collect$$libinit$$00000012) refers to libinit2.o(.ARM.Collect$$libinit$$0000000B) for .ARM.Collect$$libinit$$0000000B
    libinit2.o(.ARM.Collect$$libinit$$00000014) refers to libinit2.o(.ARM.Collect$$libinit$$0000000B) for .ARM.Collect$$libinit$$0000000B
    libinit2.o(.ARM.Collect$$libinit$$00000022) refers to argv_veneer.o(.emb_text) for __ARM_argv_veneer
    libinit2.o(.ARM.Collect$$libinit$$00000023) refers to argv_veneer.o(.emb_text) for __ARM_argv_veneer
    rtentry2.o(.ARM.Collect$$rtentry$$00000008) refers to boardinit2.o(.text) for _platform_post_stackheap_init
    rtentry2.o(.ARM.Collect$$rtentry$$0000000A) refers to libinit.o(.ARM.Collect$$libinit$$00000000) for __rt_lib_init
    rtentry2.o(.ARM.Collect$$rtentry$$0000000B) refers to boardinit3.o(.text) for _platform_post_lib_init
    rtentry2.o(.ARM.Collect$$rtentry$$0000000D) refers to exit.o(.text) for exit
    rtentry2.o(.ARM.Collect$$rtentry$$0000000D) refers to mian.o(.text) for main
    rtentry2.o(.ARM.exidx) refers to rtentry2.o(.ARM.Collect$$rtentry$$00000001) for .ARM.Collect$$rtentry$$00000001
    rtentry2.o(.ARM.exidx) refers to rtentry2.o(.ARM.Collect$$rtentry$$00000002) for .ARM.Collect$$rtentry$$00000002
    rtentry2.o(.ARM.exidx) refers to rtentry2.o(.ARM.Collect$$rtentry$$00000008) for .ARM.Collect$$rtentry$$00000008
    rtentry2.o(.ARM.exidx) refers to rtentry2.o(.ARM.Collect$$rtentry$$00000009) for .ARM.Collect$$rtentry$$00000009
    rtentry2.o(.ARM.exidx) refers to rtentry2.o(.ARM.Collect$$rtentry$$0000000A) for .ARM.Collect$$rtentry$$0000000A
    rtentry2.o(.ARM.exidx) refers to rtentry2.o(.ARM.Collect$$rtentry$$0000000B) for .ARM.Collect$$rtentry$$0000000B
    rtentry2.o(.ARM.exidx) refers to rtentry2.o(.ARM.Collect$$rtentry$$0000000C) for .ARM.Collect$$rtentry$$0000000C
    rtentry2.o(.ARM.exidx) refers to rtentry2.o(.ARM.Collect$$rtentry$$0000000D) for .ARM.Collect$$rtentry$$0000000D
    rtentry4.o(.ARM.Collect$$rtentry$$00000004) refers to sys_stackheap_outer.o(.text) for __user_setup_stackheap
    rtentry4.o(.ARM.exidx) refers to rtentry4.o(.ARM.Collect$$rtentry$$00000004) for .ARM.Collect$$rtentry$$00000004
    rt_div0.o(.text) refers to defsig_fpe_outer.o(.text) for __rt_SIGFPE
    argv_veneer.o(.emb_text) refers to no_argv.o(.text) for __ARM_get_argv
    sys_stackheap_outer.o(.text) refers to libspace.o(.text) for __user_perproc_libspace
    sys_stackheap_outer.o(.text) refers to startup.o(.text) for __user_initial_stackheap
    exit.o(.text) refers to rtexit.o(.ARM.Collect$$rtexit$$00000000) for __rt_exit
    defsig_fpe_outer.o(.text) refers to defsig_fpe_inner.o(.text) for __rt_SIGFPE_inner
    defsig_fpe_outer.o(.text) refers to defsig_exit.o(.text) for __sig_exit
    defsig_fpe_formal.o(.text) refers to rt_raise.o(.text) for __rt_raise
    _get_argv_nomalloc.o(.text) refers (Special) to hrguard.o(.text) for __heap_region$guard
    _get_argv_nomalloc.o(.text) refers to defsig_rtmem_outer.o(.text) for __rt_SIGRTMEM
    _get_argv_nomalloc.o(.text) refers to sys_command.o(.text) for _sys_command_string
    libinit.o(.ARM.Collect$$libinit$$00000000) refers (Special) to libinit2.o(.ARM.Collect$$libinit$$0000002A) for __rt_lib_init_alloca_1
    libinit.o(.ARM.Collect$$libinit$$00000000) refers (Special) to libinit2.o(.ARM.Collect$$libinit$$00000028) for __rt_lib_init_argv_1
    libinit.o(.ARM.Collect$$libinit$$00000000) refers (Special) to libinit2.o(.ARM.Collect$$libinit$$00000017) for __rt_lib_init_atexit_1
    libinit.o(.ARM.Collect$$libinit$$00000000) refers (Special) to libinit2.o(.ARM.Collect$$libinit$$0000001D) for __rt_lib_init_clock_1
    libinit.o(.ARM.Collect$$libinit$$00000000) refers (Special) to libinit2.o(.ARM.Collect$$libinit$$0000002E) for __rt_lib_init_cpp_1
    libinit.o(.ARM.Collect$$libinit$$00000000) refers (Special) to libinit2.o(.ARM.Collect$$libinit$$0000002C) for __rt_lib_init_exceptions_1
    libinit.o(.ARM.Collect$$libinit$$00000000) refers (Special) to libinit2.o(.ARM.Collect$$libinit$$0000001B) for __rt_lib_init_fp_trap_1
    libinit.o(.ARM.Collect$$libinit$$00000000) refers (Special) to libinit2.o(.ARM.Collect$$libinit$$0000001F) for __rt_lib_init_getenv_1
    libinit.o(.ARM.Collect$$libinit$$00000000) refers (Special) to libinit2.o(.ARM.Collect$$libinit$$00000006) for __rt_lib_init_heap_1
    libinit.o(.ARM.Collect$$libinit$$00000000) refers (Special) to libinit2.o(.ARM.Collect$$libinit$$0000000D) for __rt_lib_init_lc_collate_1
    libinit.o(.ARM.Collect$$libinit$$00000000) refers (Special) to libinit2.o(.ARM.Collect$$libinit$$0000000F) for __rt_lib_init_lc_ctype_1
    libinit.o(.ARM.Collect$$libinit$$00000000) refers (Special) to libinit2.o(.ARM.Collect$$libinit$$00000011) for __rt_lib_init_lc_monetary_1
    libinit.o(.ARM.Collect$$libinit$$00000000) refers (Special) to libinit2.o(.ARM.Collect$$libinit$$00000013) for __rt_lib_init_lc_numeric_1
    libinit.o(.ARM.Collect$$libinit$$00000000) refers (Special) to libinit2.o(.ARM.Collect$$libinit$$00000015) for __rt_lib_init_lc_time_1
    libinit.o(.ARM.Collect$$libinit$$00000000) refers (Special) to libinit2.o(.ARM.Collect$$libinit$$0000000A) for __rt_lib_init_rand_1
    libinit.o(.ARM.Collect$$libinit$$00000000) refers (Special) to libinit2.o(.ARM.Collect$$libinit$$0000002F) for __rt_lib_init_return
    libinit.o(.ARM.Collect$$libinit$$00000000) refers (Special) to libinit2.o(.ARM.Collect$$libinit$$00000019) for __rt_lib_init_signal_1
    libinit.o(.ARM.Collect$$libinit$$00000000) refers (Special) to libinit2.o(.ARM.Collect$$libinit$$00000021) for __rt_lib_init_stdio_1
    libinit.o(.ARM.Collect$$libinit$$00000000) refers (Special) to libinit2.o(.ARM.Collect$$libinit$$00000008) for __rt_lib_init_user_alloc_1
    libinit.o(.ARM.Collect$$libinit$$00000000) refers to fpinit.o(x$fpl$fpinit) for _fp_init
    sys_command.o(.text) refers (Special) to use_no_semi.o(.text) for __I$use$semihosting
    libspace.o(.text) refers to libspace.o(.bss) for __libspace_start
    rtexit.o(.ARM.Collect$$rtexit$$00000000) refers (Special) to rtexit2.o(.ARM.Collect$$rtexit$$00000004) for __rt_exit_exit
    rtexit.o(.ARM.Collect$$rtexit$$00000000) refers (Special) to rtexit2.o(.ARM.Collect$$rtexit$$00000003) for __rt_exit_ls
    rtexit.o(.ARM.Collect$$rtexit$$00000000) refers (Special) to rtexit2.o(.ARM.Collect$$rtexit$$00000002) for __rt_exit_prels_1
    rtexit.o(.ARM.exidx) refers (Special) to rtexit2.o(.ARM.Collect$$rtexit$$00000004) for __rt_exit_exit
    rtexit.o(.ARM.exidx) refers (Special) to rtexit2.o(.ARM.Collect$$rtexit$$00000003) for __rt_exit_ls
    rtexit.o(.ARM.exidx) refers (Special) to rtexit2.o(.ARM.Collect$$rtexit$$00000002) for __rt_exit_prels_1
    rtexit.o(.ARM.exidx) refers to rtexit.o(.ARM.Collect$$rtexit$$00000000) for .ARM.Collect$$rtexit$$00000000
    rt_raise.o(.text) refers to __raise.o(.text) for __raise
    rt_raise.o(.text) refers to sys_exit.o(.text) for _sys_exit
    defsig_exit.o(.text) refers to sys_exit.o(.text) for _sys_exit
    defsig_fpe_inner.o(.text) refers to defsig_general.o(.text) for __default_signal_display
    defsig_rtmem_outer.o(.text) refers to defsig_rtmem_inner.o(.text) for __rt_SIGRTMEM_inner
    defsig_rtmem_outer.o(.text) refers to defsig_exit.o(.text) for __sig_exit
    defsig_rtmem_formal.o(.text) refers to rt_raise.o(.text) for __rt_raise
    fpinit.o(x$fpl$fpinit) refers to rt_fp_status_addr_intlibspace.o(.text) for __rt_fp_status_addr
    sys_exit.o(.text) refers (Special) to use_no_semi.o(.text) for __I$use$semihosting
    rtexit2.o(.ARM.Collect$$rtexit$$00000003) refers to libshutdown.o(.ARM.Collect$$libshutdown$$00000000) for __rt_lib_shutdown
    rtexit2.o(.ARM.Collect$$rtexit$$00000004) refers to sys_exit.o(.text) for _sys_exit
    rtexit2.o(.ARM.exidx) refers to rtexit2.o(.ARM.Collect$$rtexit$$00000001) for .ARM.Collect$$rtexit$$00000001
    rtexit2.o(.ARM.exidx) refers to rtexit2.o(.ARM.Collect$$rtexit$$00000002) for .ARM.Collect$$rtexit$$00000002
    rtexit2.o(.ARM.exidx) refers to rtexit2.o(.ARM.Collect$$rtexit$$00000003) for .ARM.Collect$$rtexit$$00000003
    rtexit2.o(.ARM.exidx) refers to rtexit2.o(.ARM.Collect$$rtexit$$00000004) for .ARM.Collect$$rtexit$$00000004
    rt_fp_status_addr.o(.text) refers to rt_fp_status_addr.o(.bss) for __rt_fp_status_addr_data
    rt_fp_status_addr_intlibspace.o(.text) refers to libspace.o(.bss) for __libspace_start
    __raise.o(.text) refers to __raise.o(i.__ARM_common_call_via_r2) for __ARM_common_call_via_r2
    __raise.o(.text) refers to defsig.o(CL$$defsig) for __default_signal_handler
    defsig_general.o(.text) refers to sys_wrch.o(.text) for _ttywrch
    defsig_rtmem_inner.o(.text) refers to defsig_general.o(.text) for __default_signal_display
    sys_wrch.o(.text) refers (Special) to use_no_semi.o(.text) for __I$use$semihosting
    defsig.o(CL$$defsig) refers to defsig_fpe_inner.o(.text) for __rt_SIGFPE_inner
    defsig.o(CL$$defsig) refers to defsig_rtmem_inner.o(.text) for __rt_SIGRTMEM_inner
    libshutdown.o(.ARM.Collect$$libshutdown$$00000000) refers (Special) to libshutdown2.o(.ARM.Collect$$libshutdown$$00000006) for __rt_lib_shutdown_fp_trap_1
    libshutdown.o(.ARM.Collect$$libshutdown$$00000000) refers (Special) to libshutdown2.o(.ARM.Collect$$libshutdown$$0000000E) for __rt_lib_shutdown_heap_1
    libshutdown.o(.ARM.Collect$$libshutdown$$00000000) refers (Special) to libshutdown2.o(.ARM.Collect$$libshutdown$$0000000F) for __rt_lib_shutdown_return
    libshutdown.o(.ARM.Collect$$libshutdown$$00000000) refers (Special) to libshutdown2.o(.ARM.Collect$$libshutdown$$00000009) for __rt_lib_shutdown_signal_1
    libshutdown.o(.ARM.Collect$$libshutdown$$00000000) refers (Special) to libshutdown2.o(.ARM.Collect$$libshutdown$$00000003) for __rt_lib_shutdown_stdio_1
    libshutdown.o(.ARM.Collect$$libshutdown$$00000000) refers (Special) to libshutdown2.o(.ARM.Collect$$libshutdown$$0000000B) for __rt_lib_shutdown_user_alloc_1
    defsig_abrt_inner.o(.text) refers to defsig_general.o(.text) for __default_signal_display
    defsig_rtred_inner.o(.text) refers to defsig_general.o(.text) for __default_signal_display
    defsig_stak_inner.o(.text) refers to defsig_general.o(.text) for __default_signal_display
    defsig_pvfn_inner.o(.text) refers to defsig_general.o(.text) for __default_signal_display
    defsig_cppl_inner.o(.text) refers to defsig_general.o(.text) for __default_signal_display
    defsig_segv_inner.o(.text) refers to defsig_general.o(.text) for __default_signal_display
    defsig_other.o(.text) refers to defsig_general.o(.text) for __default_signal_display


==============================================================================

Removing Unused input sections from the image.

    Removing os_mbox.o(.text), (1720 bytes).
    Removing os_mutex.o(.text), (2560 bytes).

2 unused section(s) (total 4280 bytes) removed from the image.

==============================================================================

Adding Veneers to the image

    Adding AT veneer (8 bytes, Inline) for call to '__rt_lib_init' from rtentry2.o(.ARM.Collect$$rtentry$$0000000A).
    Adding AT veneer (8 bytes, Inline) for call to '__rt_lib_shutdown' from rtexit2.o(.ARM.Collect$$rtexit$$00000003).
    Adding TA veneer (4 bytes, Inline) for call to '__rt_exit' from exit.o(.text).
    Adding AT veneer (8 bytes, Inline) for call to 'srand' from targetinit.o(.text).
    Adding AT veneer (8 bytes, Inline) for call to '_sys_exit' from rtexit2.o(.ARM.Collect$$rtexit$$00000004).
    Adding TA veneer (4 bytes, Inline) for call to '_fp_init' from libinit.o(.ARM.Collect$$libinit$$00000000).

6 Veneer(s) (total 40 bytes) added to the image.

==============================================================================

Image Symbol Table

    Local Symbols

    Symbol Name                              Value     Ov Type        Size  Object(Section)

    RESET                                    0x00000000   Section      268  startup.o(RESET)
    ../../angel/boardlib.s                   0x00000000   Number         0  boardinit2.o ABSOLUTE
    ../../angel/boardlib.s                   0x00000000   Number         0  boardinit1.o ABSOLUTE
    ../../angel/boardlib.s                   0x00000000   Number         0  boardinit3.o ABSOLUTE
    ../../angel/boardlib.s                   0x00000000   Number         0  boardshut.o ABSOLUTE
    ../../angel/handlers.s                   0x00000000   Number         0  __scatter_copy.o ABSOLUTE
    ../../angel/handlers.s                   0x00000000   Number         0  __scatter_zi.o ABSOLUTE
    ../../angel/kernel.s                     0x00000000   Number         0  rtexit.o ABSOLUTE
    ../../angel/kernel.s                     0x00000000   Number         0  rtexit2.o ABSOLUTE
    ../../angel/kernel.s                     0x00000000   Number         0  rtentry2.o ABSOLUTE
    ../../angel/kernel.s                     0x00000000   Number         0  rtentry4.o ABSOLUTE
    ../../angel/kernel.s                     0x00000000   Number         0  rtentry.o ABSOLUTE
    ../../angel/rt.s                         0x00000000   Number         0  rt_fp_status_addr_intlibspace.o ABSOLUTE
    ../../angel/rt.s                         0x00000000   Number         0  aeabi_idiv0.o ABSOLUTE
    ../../angel/rt.s                         0x00000000   Number         0  aeabi_idiv0_sigfpe.o ABSOLUTE
    ../../angel/rt.s                         0x00000000   Number         0  rt_div0.o ABSOLUTE
    ../../angel/rt.s                         0x00000000   Number         0  rt_fp_status_addr.o ABSOLUTE
    ../../angel/rt.s                         0x00000000   Number         0  rt_raise.o ABSOLUTE
    ../../angel/scatter.s                    0x00000000   Number         0  __scatter.o ABSOLUTE
    ../../angel/startup.s                    0x00000000   Number         0  __main.o ABSOLUTE
    ../../angel/sys.s                        0x00000000   Number         0  use_no_semi.o ABSOLUTE
    ../../angel/sys.s                        0x00000000   Number         0  libspace.o ABSOLUTE
    ../../angel/sys.s                        0x00000000   Number         0  sys_stackheap_outer.o ABSOLUTE
    ../../angel/sysapp.c                     0x00000000   Number         0  sys_wrch.o ABSOLUTE
    ../../angel/sysapp.c                     0x00000000   Number         0  sys_exit.o ABSOLUTE
    ../../angel/sysapp.c                     0x00000000   Number         0  sys_command.o ABSOLUTE
    ../../armsys.c                           0x00000000   Number         0  argv_veneer.o ABSOLUTE
    ../../armsys.c                           0x00000000   Number         0  argv_veneer.o ABSOLUTE
    ../../armsys.c                           0x00000000   Number         0  no_argv.o ABSOLUTE
    ../../armsys.c                           0x00000000   Number         0  _get_argv_nomalloc.o ABSOLUTE
    ../../division.s                         0x00000000   Number         0  aeabi_sdiv_div0.o ABSOLUTE
    ../../division.s                         0x00000000   Number         0  aeabi_sdiv.o ABSOLUTE
    ../../divrt.s                            0x00000000   Number         0  divrt_7tdmi.o ABSOLUTE
    ../../divrt.s                            0x00000000   Number         0  divrt_7tdmi_div0.o ABSOLUTE
    ../../fpinit.s                           0x00000000   Number         0  fpinit.o ABSOLUTE
    ../../heapalloc.c                        0x00000000   Number         0  hrguard.o ABSOLUTE
    ../../heapaux.c                          0x00000000   Number         0  heapauxi.o ABSOLUTE
    ../../libinit.s                          0x00000000   Number         0  libshutdown.o ABSOLUTE
    ../../libinit.s                          0x00000000   Number         0  libshutdown2.o ABSOLUTE
    ../../libinit.s                          0x00000000   Number         0  libinit2.o ABSOLUTE
    ../../libinit.s                          0x00000000   Number         0  libinit.o ABSOLUTE
    ../../signal.c                           0x00000000   Number         0  defsig_rtmem_formal.o ABSOLUTE
    ../../signal.c                           0x00000000   Number         0  defsig_rtmem_outer.o ABSOLUTE
    ../../signal.c                           0x00000000   Number         0  defsig_fpe_inner.o ABSOLUTE
    ../../signal.c                           0x00000000   Number         0  defsig_fpe_formal.o ABSOLUTE
    ../../signal.c                           0x00000000   Number         0  defsig_fpe_outer.o ABSOLUTE
    ../../signal.c                           0x00000000   Number         0  __raise.o ABSOLUTE
    ../../signal.c                           0x00000000   Number         0  defsig_other.o ABSOLUTE
    ../../signal.c                           0x00000000   Number         0  defsig_segv_inner.o ABSOLUTE
    ../../signal.c                           0x00000000   Number         0  defsig_cppl_inner.o ABSOLUTE
    ../../signal.c                           0x00000000   Number         0  defsig_pvfn_inner.o ABSOLUTE
    ../../signal.c                           0x00000000   Number         0  defsig_stak_inner.o ABSOLUTE
    ../../signal.c                           0x00000000   Number         0  defsig_rtred_inner.o ABSOLUTE
    ../../signal.c                           0x00000000   Number         0  defsig_abrt_inner.o ABSOLUTE
    ../../signal.c                           0x00000000   Number         0  defsig_exit.o ABSOLUTE
    ../../signal.c                           0x00000000   Number         0  defsig_rtmem_inner.o ABSOLUTE
    ../../signal.c                           0x00000000   Number         0  defsig_general.o ABSOLUTE
    ../../signal.s                           0x00000000   Number         0  defsig.o ABSOLUTE
    ../../stdlib.c                           0x00000000   Number         0  rand.o ABSOLUTE
    ../../stdlib.c                           0x00000000   Number         0  rand.o ABSOLUTE
    ../../stdlib.c                           0x00000000   Number         0  exit.o ABSOLUTE
    ARM\os_cpu_a.s                           0x00000000   Number         0  os_cpu_a.o ABSOLUTE
    ARM\os_cpu_c.c                           0x00000000   Number         0  os_cpu_c.o ABSOLUTE
    Startup.s                                0x00000000   Number         0  startup.o ABSOLUTE
    USR\TargetInit.c                         0x00000000   Number         0  targetinit.o ABSOLUTE
    USR\mian.c                               0x00000000   Number         0  mian.o ABSOLUTE
    dc.s                                     0x00000000   Number         0  dc.o ABSOLUTE
    uCOS-II\Source\os_core.c                 0x00000000   Number         0  os_core.o ABSOLUTE
    uCOS-II\Source\os_dbg_r.c                0x00000000   Number         0  os_dbg_r.o ABSOLUTE
    uCOS-II\Source\os_flag.c                 0x00000000   Number         0  os_flag.o ABSOLUTE
    uCOS-II\Source\os_mbox.c                 0x00000000   Number         0  os_mbox.o ABSOLUTE
    uCOS-II\Source\os_mem.c                  0x00000000   Number         0  os_mem.o ABSOLUTE
    uCOS-II\Source\os_mutex.c                0x00000000   Number         0  os_mutex.o ABSOLUTE
    uCOS-II\Source\os_q.c                    0x00000000   Number         0  os_q.o ABSOLUTE
    uCOS-II\Source\os_sem.c                  0x00000000   Number         0  os_sem.o ABSOLUTE
    uCOS-II\Source\os_task.c                 0x00000000   Number         0  os_task.o ABSOLUTE
    uCOS-II\Source\os_time.c                 0x00000000   Number         0  os_time.o ABSOLUTE
    uCOS-II\Source\os_tmr.c                  0x00000000   Number         0  os_tmr.o ABSOLUTE
    Undef_Handler                            0x00000040   ARM Code       4  startup.o(RESET)
    PAbt_Handler                             0x00000044   ARM Code       4  startup.o(RESET)
    DAbt_Handler                             0x00000048   ARM Code       4  startup.o(RESET)
    IRQ_Handler                              0x0000004c   ARM Code       4  startup.o(RESET)
    FIQ_Handler                              0x00000050   ARM Code       4  startup.o(RESET)
    !!!main                                  0x0000010c   Section        8  __main.o(!!!main)
    !!!scatter                               0x00000114   Section       60  __scatter.o(!!!scatter)
    !!handler_copy                           0x00000150   Section       40  __scatter_copy.o(!!handler_copy)
    !!handler_zi                             0x00000178   Section       44  __scatter_zi.o(!!handler_zi)
    .ARM.Collect$$libinit$$00000000          0x000001ac   Section        6  libinit.o(.ARM.Collect$$libinit$$00000000)
    .ARM.Collect$$libinit$$00000006          0x000001b2   Section        0  libinit2.o(.ARM.Collect$$libinit$$00000006)
    .ARM.Collect$$libinit$$00000008          0x000001b2   Section        0  libinit2.o(.ARM.Collect$$libinit$$00000008)
    .ARM.Collect$$libinit$$00000009          0x000001b2   Section        4  libinit2.o(.ARM.Collect$$libinit$$00000009)
    .ARM.Collect$$libinit$$0000000A          0x000001b6   Section        0  libinit2.o(.ARM.Collect$$libinit$$0000000A)
    .ARM.Collect$$libinit$$0000000D          0x000001b6   Section        0  libinit2.o(.ARM.Collect$$libinit$$0000000D)
    .ARM.Collect$$libinit$$0000000F          0x000001b6   Section        0  libinit2.o(.ARM.Collect$$libinit$$0000000F)
    .ARM.Collect$$libinit$$00000011          0x000001b6   Section        0  libinit2.o(.ARM.Collect$$libinit$$00000011)
    .ARM.Collect$$libinit$$00000013          0x000001b6   Section        0  libinit2.o(.ARM.Collect$$libinit$$00000013)
    .ARM.Collect$$libinit$$00000015          0x000001b6   Section        0  libinit2.o(.ARM.Collect$$libinit$$00000015)
    .ARM.Collect$$libinit$$00000017          0x000001b6   Section        0  libinit2.o(.ARM.Collect$$libinit$$00000017)
    .ARM.Collect$$libinit$$00000019          0x000001b6   Section        0  libinit2.o(.ARM.Collect$$libinit$$00000019)
    .ARM.Collect$$libinit$$0000001B          0x000001b6   Section        0  libinit2.o(.ARM.Collect$$libinit$$0000001B)
    .ARM.Collect$$libinit$$0000001D          0x000001b6   Section        0  libinit2.o(.ARM.Collect$$libinit$$0000001D)
    .ARM.Collect$$libinit$$0000001F          0x000001b6   Section        0  libinit2.o(.ARM.Collect$$libinit$$0000001F)
    .ARM.Collect$$libinit$$00000021          0x000001b6   Section        0  libinit2.o(.ARM.Collect$$libinit$$00000021)
    .ARM.Collect$$libinit$$00000028          0x000001b6   Section        0  libinit2.o(.ARM.Collect$$libinit$$00000028)
    .ARM.Collect$$libinit$$0000002A          0x000001b6   Section        0  libinit2.o(.ARM.Collect$$libinit$$0000002A)
    .ARM.Collect$$libinit$$0000002C          0x000001b6   Section        0  libinit2.o(.ARM.Collect$$libinit$$0000002C)
    .ARM.Collect$$libinit$$0000002E          0x000001b6   Section        0  libinit2.o(.ARM.Collect$$libinit$$0000002E)
    .ARM.Collect$$libinit$$0000002F          0x000001b6   Section       12  libinit2.o(.ARM.Collect$$libinit$$0000002F)
    .ARM.Collect$$libshutdown$$00000000      0x000001cc   Section        4  libshutdown.o(.ARM.Collect$$libshutdown$$00000000)
    .ARM.Collect$$libshutdown$$00000003      0x000001d0   Section        0  libshutdown2.o(.ARM.Collect$$libshutdown$$00000003)
    .ARM.Collect$$libshutdown$$00000006      0x000001d0   Section        0  libshutdown2.o(.ARM.Collect$$libshutdown$$00000006)
    .ARM.Collect$$libshutdown$$00000009      0x000001d0   Section        0  libshutdown2.o(.ARM.Collect$$libshutdown$$00000009)
    .ARM.Collect$$libshutdown$$0000000B      0x000001d0   Section        0  libshutdown2.o(.ARM.Collect$$libshutdown$$0000000B)
    .ARM.Collect$$libshutdown$$0000000E      0x000001d0   Section        0  libshutdown2.o(.ARM.Collect$$libshutdown$$0000000E)
    .ARM.Collect$$libshutdown$$0000000F      0x000001d0   Section        6  libshutdown2.o(.ARM.Collect$$libshutdown$$0000000F)
    .ARM.Collect$$rtentry$$00000000          0x000001d8   Section        0  rtentry.o(.ARM.Collect$$rtentry$$00000000)
    .ARM.Collect$$rtentry$$00000002          0x000001d8   Section        0  rtentry2.o(.ARM.Collect$$rtentry$$00000002)
    .ARM.Collect$$rtentry$$00000004          0x000001d8   Section        8  rtentry4.o(.ARM.Collect$$rtentry$$00000004)
    .ARM.Collect$$rtentry$$00000009          0x000001e0   Section        0  rtentry2.o(.ARM.Collect$$rtentry$$00000009)
    .ARM.Collect$$rtentry$$0000000A          0x000001e0   Section        4  rtentry2.o(.ARM.Collect$$rtentry$$0000000A)
    .ARM.Collect$$rtentry$$0000000C          0x000001e4   Section        0  rtentry2.o(.ARM.Collect$$rtentry$$0000000C)
    .ARM.Collect$$rtentry$$0000000D          0x000001e4   Section       40  rtentry2.o(.ARM.Collect$$rtentry$$0000000D)
    .ARM.Collect$$rtexit$$00000000           0x00000210   Section        4  rtexit.o(.ARM.Collect$$rtexit$$00000000)
    .ARM.Collect$$rtexit$$00000002           0x00000214   Section        0  rtexit2.o(.ARM.Collect$$rtexit$$00000002)
    .ARM.Collect$$rtexit$$00000003           0x00000214   Section        4  rtexit2.o(.ARM.Collect$$rtexit$$00000003)
    .ARM.Collect$$rtexit$$00000004           0x00000218   Section        8  rtexit2.o(.ARM.Collect$$rtexit$$00000004)
    .text                                    0x00000220   Section       32  startup.o(.text)
    .text                                    0x00000240   Section        0  mian.o(.text)
    .text                                    0x000002e0   Section        0  targetinit.o(.text)
    .text                                    0x0000066c   Section        0  os_core.o(.text)
    OS_SchedNew                              0x000008b0   ARM Code      48  os_core.o(.text)
    OS_InitTaskIdle                          0x00000f6c   ARM Code      84  os_core.o(.text)
    OS_InitEventList                         0x00000fe4   ARM Code     132  os_core.o(.text)
    OS_InitTCBList                           0x00001068   ARM Code     140  os_core.o(.text)
    OS_InitRdyList                           0x000010f4   ARM Code     184  os_core.o(.text)
    OS_InitMisc                              0x000011ac   ARM Code      64  os_core.o(.text)
    .text                                    0x00001a24   Section        0  os_dbg_r.o(.text)
    .text                                    0x00001bf4   Section        0  os_flag.o(.text)
    OS_FlagTaskRdy                           0x00001e84   ARM Code     148  os_flag.o(.text)
    OS_FlagBlock                             0x000021b0   ARM Code     240  os_flag.o(.text)
    .text                                    0x00002984   Section        0  os_mem.o(.text)
    .text                                    0x00002cc0   Section        0  os_q.o(.text)
    .text                                    0x000036e8   Section        0  os_sem.o(.text)
    .text                                    0x00003d48   Section        0  os_task.o(.text)
    .text                                    0x0000492c   Section        0  os_time.o(.text)
    .text                                    0x00004bdc   Section        0  os_tmr.o(.text)
    OSTmr_Unlock                             0x00004bdc   ARM Code      24  os_tmr.o(.text)
    OSTmr_Alloc                              0x00004bf4   ARM Code     108  os_tmr.o(.text)
    OSTmr_Lock                               0x00004c60   ARM Code      32  os_tmr.o(.text)
    OSTmr_Free                               0x00004d70   ARM Code     116  os_tmr.o(.text)
    OSTmr_Unlink                             0x00004de4   ARM Code     124  os_tmr.o(.text)
    OSTmr_Link                               0x00005218   ARM Code     204  os_tmr.o(.text)
    OSTmr_Task                               0x00005574   ARM Code     196  os_tmr.o(.text)
    OSTmr_InitTask                           0x00005638   ARM Code      84  os_tmr.o(.text)
    .text                                    0x000057e8   Section      536  os_cpu_a.o(.text)
    _MyOSStartHighRdy                        0x00005844   ARM Code       0  os_cpu_a.o(.text)
    .text                                    0x00005a00   Section        0  os_cpu_c.o(.text)
    .text                                    0x00005ce8   Section        0  rand.o(.text)
    .text                                    0x00005d28   Section      384  aeabi_sdiv.o(.text)
    __arm_div8                               0x00005d54   ARM Code       0  aeabi_sdiv.o(.text)
    __arm_div5                               0x00005d78   ARM Code       0  aeabi_sdiv.o(.text)
    __arm_div2                               0x00005d9c   ARM Code       0  aeabi_sdiv.o(.text)
    __arm_div_large                          0x00005dd8   ARM Code       0  aeabi_sdiv.o(.text)
    .text                                    0x00005ea8   Section        0  heapauxi.o(.text)
    .text                                    0x00005eb0   Section       96  sys_stackheap_outer.o(.text)
    .text                                    0x00005f10   Section        0  exit.o(.text)
    .text                                    0x00005f1c   Section       12  libspace.o(.text)
    .text                                    0x00005f30   Section        0  sys_exit.o(.text)
    .text                                    0x00005f3c   Section        4  use_no_semi.o(.text)
    .text                                    0x00005f40   Section       16  rt_fp_status_addr_intlibspace.o(.text)
    .text_udiv                               0x00005f50   Section       36  aeabi_sdiv.o(.text_udiv)
    x$fpl$fpinit                             0x00005f78   Section       24  fpinit.o(x$fpl$fpinit)
    .constdata                               0x00005f90   Section      256  os_core.o(.constdata)
    .constdata                               0x00006090   Section      114  os_dbg_r.o(.constdata)
    .data                                    0x40000000   Section       84  os_core.o(.data)
    .data                                    0x40000054   Section       12  os_cpu_c.o(.data)
    OSTmrCtr                                 0x40000054   Data           2  os_cpu_c.o(.data)
    VALUE_SPSR                               0x40000058   Data           4  os_cpu_c.o(.data)
    .bss                                     0x40000060   Section      768  mian.o(.bss)
    .bss                                     0x40000360   Section     4884  os_core.o(.bss)
    .bss                                     0x40001674   Section      228  rand.o(.bss)
    .bss                                     0x40001758   Section       96  libspace.o(.bss)
    HEAP                                     0x400017b8   Section        0  startup.o(HEAP)
    STACK                                    0x400017b8   Section     1280  startup.o(STACK)
    Heap_Mem                                 0x400017b8   Data           0  startup.o(HEAP)
    Stack_Mem                                0x400017b8   Data         256  startup.o(STACK)
    Stack_Top                                0x40001cb8   Data           0  startup.o(STACK)

    Global Symbols

    Symbol Name                              Value     Ov Type        Size  Object(Section)

    BuildAttributes$$THM_ISAv1$ARM_ISAv4$S$PE$A:L22$X:L11$S22$IEEE1$IW$USESV6$~STKCKD$USESV7$~SHL$OSPACE$ROPI$EBA8$UX$STANDARDLIB$REQ8$PRES8$EABIv2 0x00000000   Number         0  anon$$obj.o ABSOLUTE
    __ARM_use_no_argv                        0x00000000   Number         0  mian.o ABSOLUTE
    __ARM_exceptions_init                     - Undefined Weak Reference
    __alloca_initialize                       - Undefined Weak Reference
    __cpp_initialize__aeabi_                  - Undefined Weak Reference
    __cxa_finalize                            - Undefined Weak Reference
    __rt_locale                               - Undefined Weak Reference
    __sigvec_lookup                           - Undefined Weak Reference
    _atexit_init                              - Undefined Weak Reference
    _call_atexit_fns                          - Undefined Weak Reference
    _clock_init                               - Undefined Weak Reference
    _fp_trap_init                             - Undefined Weak Reference
    _fp_trap_shutdown                         - Undefined Weak Reference
    _get_lc_collate                           - Undefined Weak Reference
    _get_lc_ctype                             - Undefined Weak Reference
    _get_lc_monetary                          - Undefined Weak Reference
    _get_lc_numeric                           - Undefined Weak Reference
    _get_lc_time                              - Undefined Weak Reference
    _getenv_init                              - Undefined Weak Reference
    _handle_redirection                       - Undefined Weak Reference
    _init_alloc                               - Undefined Weak Reference
    _init_user_alloc                          - Undefined Weak Reference
    _initio                                   - Undefined Weak Reference
    _signal_finish                            - Undefined Weak Reference
    _signal_init                              - Undefined Weak Reference
    _terminate_alloc                          - Undefined Weak Reference
    _terminate_user_alloc                     - Undefined Weak Reference
    _terminateio                              - Undefined Weak Reference
    Reset_Handler                            0x00000054   ARM Code       0  startup.o(RESET)
    __main                                   0x0000010c   ARM Code       8  __main.o(!!!main)
    __scatterload                            0x00000114   ARM Code       0  __scatter.o(!!!scatter)
    __scatterload_rt2                        0x00000114   ARM Code      52  __scatter.o(!!!scatter)
    __scatterload_null                       0x00000128   ARM Code       0  __scatter.o(!!!scatter)
    __scatterload_copy                       0x00000150   ARM Code      40  __scatter_copy.o(!!handler_copy)
    __scatterload_zeroinit                   0x00000178   ARM Code      44  __scatter_zi.o(!!handler_zi)
    Inline ARM to Thumb Veneer to __rt_lib_init 0x000001a4   ARM Code       8  libinit.o(.ARM.Collect$$libinit$$00000000)
    __rt_lib_init                            0x000001ad   Thumb Code     0  libinit.o(.ARM.Collect$$libinit$$00000000)
    __rt_lib_init_heap_1                     0x000001b3   Thumb Code     0  libinit2.o(.ARM.Collect$$libinit$$00000006)
    __rt_lib_init_rand_2                     0x000001b3   Thumb Code     0  libinit2.o(.ARM.Collect$$libinit$$00000009)
    __rt_lib_init_user_alloc_1               0x000001b3   Thumb Code     0  libinit2.o(.ARM.Collect$$libinit$$00000008)
    __rt_lib_init_alloca_1                   0x000001b7   Thumb Code     0  libinit2.o(.ARM.Collect$$libinit$$0000002A)
    __rt_lib_init_argv_1                     0x000001b7   Thumb Code     0  libinit2.o(.ARM.Collect$$libinit$$00000028)
    __rt_lib_init_atexit_1                   0x000001b7   Thumb Code     0  libinit2.o(.ARM.Collect$$libinit$$00000017)
    __rt_lib_init_clock_1                    0x000001b7   Thumb Code     0  libinit2.o(.ARM.Collect$$libinit$$0000001D)
    __rt_lib_init_cpp_1                      0x000001b7   Thumb Code     0  libinit2.o(.ARM.Collect$$libinit$$0000002E)
    __rt_lib_init_exceptions_1               0x000001b7   Thumb Code     0  libinit2.o(.ARM.Collect$$libinit$$0000002C)
    __rt_lib_init_fp_trap_1                  0x000001b7   Thumb Code     0  libinit2.o(.ARM.Collect$$libinit$$0000001B)
    __rt_lib_init_getenv_1                   0x000001b7   Thumb Code     0  libinit2.o(.ARM.Collect$$libinit$$0000001F)
    __rt_lib_init_lc_collate_1               0x000001b7   Thumb Code     0  libinit2.o(.ARM.Collect$$libinit$$0000000D)
    __rt_lib_init_lc_ctype_1                 0x000001b7   Thumb Code     0  libinit2.o(.ARM.Collect$$libinit$$0000000F)
    __rt_lib_init_lc_monetary_1              0x000001b7   Thumb Code     0  libinit2.o(.ARM.Collect$$libinit$$00000011)
    __rt_lib_init_lc_numeric_1               0x000001b7   Thumb Code     0  libinit2.o(.ARM.Collect$$libinit$$00000013)
    __rt_lib_init_lc_time_1                  0x000001b7   Thumb Code     0  libinit2.o(.ARM.Collect$$libinit$$00000015)
    __rt_lib_init_rand_1                     0x000001b7   Thumb Code     0  libinit2.o(.ARM.Collect$$libinit$$0000000A)
    __rt_lib_init_return                     0x000001b7   Thumb Code     0  libinit2.o(.ARM.Collect$$libinit$$0000002F)
    __rt_lib_init_signal_1                   0x000001b7   Thumb Code     0  libinit2.o(.ARM.Collect$$libinit$$00000019)
    __rt_lib_init_stdio_1                    0x000001b7   Thumb Code     0  libinit2.o(.ARM.Collect$$libinit$$00000021)
    Inline ARM to Thumb Veneer to __rt_lib_shutdown 0x000001c4   ARM Code       8  libshutdown.o(.ARM.Collect$$libshutdown$$00000000)
    __rt_lib_shutdown                        0x000001cd   Thumb Code     0  libshutdown.o(.ARM.Collect$$libshutdown$$00000000)
    __rt_lib_shutdown_fp_trap_1              0x000001d1   Thumb Code     0  libshutdown2.o(.ARM.Collect$$libshutdown$$00000006)
    __rt_lib_shutdown_heap_1                 0x000001d1   Thumb Code     0  libshutdown2.o(.ARM.Collect$$libshutdown$$0000000E)
    __rt_lib_shutdown_return                 0x000001d1   Thumb Code     0  libshutdown2.o(.ARM.Collect$$libshutdown$$0000000F)
    __rt_lib_shutdown_signal_1               0x000001d1   Thumb Code     0  libshutdown2.o(.ARM.Collect$$libshutdown$$00000009)
    __rt_lib_shutdown_stdio_1                0x000001d1   Thumb Code     0  libshutdown2.o(.ARM.Collect$$libshutdown$$00000003)
    __rt_lib_shutdown_user_alloc_1           0x000001d1   Thumb Code     0  libshutdown2.o(.ARM.Collect$$libshutdown$$0000000B)
    __rt_entry                               0x000001d8   ARM Code       0  rtentry.o(.ARM.Collect$$rtentry$$00000000)
    __rt_entry_presh_1                       0x000001d8   ARM Code       0  rtentry2.o(.ARM.Collect$$rtentry$$00000002)
    __rt_entry_sh                            0x000001d8   ARM Code       0  rtentry4.o(.ARM.Collect$$rtentry$$00000004)
    __rt_entry_li                            0x000001e0   ARM Code       0  rtentry2.o(.ARM.Collect$$rtentry$$0000000A)
    __rt_entry_postsh_1                      0x000001e0   ARM Code       0  rtentry2.o(.ARM.Collect$$rtentry$$00000009)
    __rt_entry_main                          0x000001e4   ARM Code       0  rtentry2.o(.ARM.Collect$$rtentry$$0000000D)
    __rt_entry_postli_1                      0x000001e4   ARM Code       0  rtentry2.o(.ARM.Collect$$rtentry$$0000000C)
    Inline Thumb to ARM Veneer to __rt_exit  0x0000020d   Thumb Code     4  rtexit.o(.ARM.Collect$$rtexit$$00000000)
    __rt_exit                                0x00000210   ARM Code       0  rtexit.o(.ARM.Collect$$rtexit$$00000000)
    __rt_exit_ls                             0x00000214   ARM Code       0  rtexit2.o(.ARM.Collect$$rtexit$$00000003)
    __rt_exit_prels_1                        0x00000214   ARM Code       0  rtexit2.o(.ARM.Collect$$rtexit$$00000002)
    __rt_exit_exit                           0x00000218   ARM Code       0  rtexit2.o(.ARM.Collect$$rtexit$$00000004)
    __user_initial_stackheap                 0x00000220   ARM Code       0  startup.o(.text)
    Task2                                    0x00000240   ARM Code      16  mian.o(.text)
    Task1                                    0x00000250   ARM Code      20  mian.o(.text)
    Task0                                    0x00000264   ARM Code      28  mian.o(.text)
    main                                     0x00000280   ARM Code      84  mian.o(.text)
    IRQ_Exception                            0x000002e0   ARM Code       8  targetinit.o(.text)
    FIQ_Exception                            0x000002e8   ARM Code       8  targetinit.o(.text)
    Timer0_Exception                         0x000002f0   ARM Code      36  targetinit.o(.text)
    Timer0Init                               0x00000314   ARM Code      48  targetinit.o(.text)
    VICInit                                  0x00000344   ARM Code      16  targetinit.o(.text)
    IRQ_Timer0                               0x00000354   ARM Code     284  targetinit.o(.text)
    TargetInit                               0x00000470   ARM Code      72  targetinit.o(.text)
    InitialiseUART0                          0x000004b8   ARM Code     148  targetinit.o(.text)
    TargetResetInit                          0x0000054c   ARM Code     252  targetinit.o(.text)
    OS_StrCopy                               0x0000066c   ARM Code      52  os_core.o(.text)
    OSEventNameGet                           0x000006a0   ARM Code     180  os_core.o(.text)
    OS_StrLen                                0x00000754   ARM Code      40  os_core.o(.text)
    OSEventNameSet                           0x0000077c   ARM Code     204  os_core.o(.text)
    OS_EventTaskRemoveMulti                  0x00000848   ARM Code     104  os_core.o(.text)
    OS_Sched                                 0x000008e0   ARM Code     156  os_core.o(.text)
    OS_EventTaskWaitMulti                    0x0000097c   ARM Code     244  os_core.o(.text)
    OSEventPendMulti                         0x00000a70   ARM Code    1232  os_core.o(.text)
    OS_TaskIdle                              0x00000f40   ARM Code      44  os_core.o(.text)
    OS_MemClr                                0x00000fc0   ARM Code      36  os_core.o(.text)
    OSInit                                   0x000011ec   ARM Code      60  os_core.o(.text)
    OSIntEnter                               0x00001228   ARM Code      56  os_core.o(.text)
    OSIntExit                                0x00001260   ARM Code     208  os_core.o(.text)
    OSSchedLock                              0x00001330   ARM Code      92  os_core.o(.text)
    OSSchedUnlock                            0x0000138c   ARM Code     136  os_core.o(.text)
    OSStart                                  0x00001414   ARM Code      92  os_core.o(.text)
    OSTimeTick                               0x00001470   ARM Code     376  os_core.o(.text)
    OSVersion                                0x000015e8   ARM Code       8  os_core.o(.text)
    OS_Dummy                                 0x000015f0   ARM Code       4  os_core.o(.text)
    OS_EventTaskRemove                       0x000015f4   ARM Code      64  os_core.o(.text)
    OS_EventTaskRdy                          0x00001634   ARM Code     200  os_core.o(.text)
    OS_EventTaskWait                         0x000016fc   ARM Code     188  os_core.o(.text)
    OS_EventWaitListInit                     0x000017b8   ARM Code      48  os_core.o(.text)
    OS_MemCopy                               0x000017e8   ARM Code      36  os_core.o(.text)
    OS_TaskStatStkChk                        0x0000180c   ARM Code     108  os_core.o(.text)
    OS_TCBInit                               0x00001878   ARM Code     408  os_core.o(.text)
    OSDebugInit                              0x00001a24   ARM Code     236  os_dbg_r.o(.text)
    OSFlagAccept                             0x00001bf4   ARM Code     408  os_flag.o(.text)
    OSFlagCreate                             0x00001d8c   ARM Code     160  os_flag.o(.text)
    OS_FlagUnlink                            0x00001e2c   ARM Code      88  os_flag.o(.text)
    OSFlagDel                                0x00001f18   ARM Code     384  os_flag.o(.text)
    OSFlagNameGet                            0x00002098   ARM Code     128  os_flag.o(.text)
    OSFlagNameSet                            0x00002118   ARM Code     152  os_flag.o(.text)
    OSFlagPend                               0x000022a0   ARM Code     964  os_flag.o(.text)
    OSFlagPendGetFlagsRdy                    0x00002664   ARM Code      40  os_flag.o(.text)
    OSFlagPost                               0x0000268c   ARM Code     524  os_flag.o(.text)
    OSFlagQuery                              0x00002898   ARM Code      76  os_flag.o(.text)
    OS_FlagInit                              0x000028e4   ARM Code     132  os_flag.o(.text)
    OSMemCreate                              0x00002984   ARM Code     188  os_mem.o(.text)
    OSMemGet                                 0x00002a40   ARM Code     100  os_mem.o(.text)
    OSMemNameGet                             0x00002aa4   ARM Code      96  os_mem.o(.text)
    OSMemNameSet                             0x00002b04   ARM Code     124  os_mem.o(.text)
    OSMemPut                                 0x00002b80   ARM Code      88  os_mem.o(.text)
    OSMemQuery                               0x00002bd8   ARM Code      92  os_mem.o(.text)
    OS_MemInit                               0x00002c34   ARM Code     128  os_mem.o(.text)
    OSQAccept                                0x00002cc0   ARM Code     156  os_q.o(.text)
    OSQCreate                                0x00002d5c   ARM Code     256  os_q.o(.text)
    OSQDel                                   0x00002e5c   ARM Code     444  os_q.o(.text)
    OSQFlush                                 0x00003018   ARM Code      60  os_q.o(.text)
    OSQPend                                  0x00003054   ARM Code     492  os_q.o(.text)
    OSQPendAbort                             0x00003240   ARM Code     224  os_q.o(.text)
    OSQPost                                  0x00003320   ARM Code     192  os_q.o(.text)
    OSQPostFront                             0x000033e0   ARM Code     196  os_q.o(.text)
    OSQPostOpt                               0x000034a4   ARM Code     308  os_q.o(.text)
    OSQQuery                                 0x000035d8   ARM Code     160  os_q.o(.text)
    OS_QInit                                 0x00003678   ARM Code      88  os_q.o(.text)
    OSSemAccept                              0x000036e8   ARM Code      76  os_sem.o(.text)
    OSSemCreate                              0x00003734   ARM Code     148  os_sem.o(.text)
    OSSemDel                                 0x000037c8   ARM Code     388  os_sem.o(.text)
    OSSemPend                                0x0000394c   ARM Code     400  os_sem.o(.text)
    OSSemPendAbort                           0x00003adc   ARM Code     224  os_sem.o(.text)
    OSSemPost                                0x00003bbc   ARM Code     144  os_sem.o(.text)
    OSSemQuery                               0x00003c4c   ARM Code     112  os_sem.o(.text)
    OSSemSet                                 0x00003cbc   ARM Code     120  os_sem.o(.text)
    OSTaskChangePrio                         0x00003d48   ARM Code     632  os_task.o(.text)
    OSTaskCreate                             0x00003fc0   ARM Code     224  os_task.o(.text)
    OS_TaskStkClr                            0x000040a0   ARM Code      44  os_task.o(.text)
    OSTaskCreateExt                          0x000040cc   ARM Code     264  os_task.o(.text)
    OSTaskDel                                0x000041d4   ARM Code     544  os_task.o(.text)
    OSTaskDelReq                             0x000043f4   ARM Code     140  os_task.o(.text)
    OSTaskNameGet                            0x00004480   ARM Code     180  os_task.o(.text)
    OSTaskNameSet                            0x00004534   ARM Code     200  os_task.o(.text)
    OSTaskResume                             0x000045fc   ARM Code     232  os_task.o(.text)
    OSTaskStkChk                             0x000046e4   ARM Code     192  os_task.o(.text)
    OSTaskSuspend                            0x000047a4   ARM Code     232  os_task.o(.text)
    OSTaskQuery                              0x0000488c   ARM Code     120  os_task.o(.text)
    OSTimeDly                                0x0000492c   ARM Code     168  os_time.o(.text)
    OSTimeDlyHMSM                            0x000049d4   ARM Code     168  os_time.o(.text)
    OSTimeDlyResume                          0x00004a7c   ARM Code     252  os_time.o(.text)
    OSTimeGet                                0x00004b78   ARM Code      36  os_time.o(.text)
    OSTimeSet                                0x00004b9c   ARM Code      36  os_time.o(.text)
    OSTmrCreate                              0x00004c80   ARM Code     240  os_tmr.o(.text)
    OSTmrDel                                 0x00004e60   ARM Code     236  os_tmr.o(.text)
    OSTmrNameGet                             0x00004f4c   ARM Code     212  os_tmr.o(.text)
    OSTmrRemainGet                           0x00005020   ARM Code     324  os_tmr.o(.text)
    OSTmrStateGet                            0x00005164   ARM Code     180  os_tmr.o(.text)
    OSTmrStart                               0x000052e4   ARM Code     244  os_tmr.o(.text)
    OSTmrStop                                0x000053d8   ARM Code     380  os_tmr.o(.text)
    OSTmrSignal                              0x00005554   ARM Code      32  os_tmr.o(.text)
    OSTmr_Init                               0x0000568c   ARM Code     264  os_tmr.o(.text)
    SWIHandler                               0x000057e8   ARM Code       0  os_cpu_a.o(.text)
    __OSStartHighRdy                         0x0000582c   ARM Code       0  os_cpu_a.o(.text)
    OSIntCtxSw                               0x00005868   ARM Code       0  os_cpu_a.o(.text)
    OSCtxSw                                  0x0000590c   ARM Code       0  os_cpu_a.o(.text)
    OS_CPU_SR_Save                           0x000059bc   ARM Code       0  os_cpu_a.o(.text)
    OSPendSV                                 0x000059c0   ARM Code       0  os_cpu_a.o(.text)
    OS_CPU_SR_Restore                        0x000059c4   ARM Code       0  os_cpu_a.o(.text)
    OSInitHookBegin                          0x00005a00   ARM Code      16  os_cpu_c.o(.text)
    OSInitHookEnd                            0x00005a10   ARM Code       4  os_cpu_c.o(.text)
    App_TaskCreateHook                       0x00005a14   ARM Code       4  os_cpu_c.o(.text)
    OSTaskCreateHook                         0x00005a18   ARM Code      24  os_cpu_c.o(.text)
    App_TaskDelHook                          0x00005a30   ARM Code       4  os_cpu_c.o(.text)
    OSTaskDelHook                            0x00005a34   ARM Code      24  os_cpu_c.o(.text)
    App_TaskIdleHook                         0x00005a4c   ARM Code       4  os_cpu_c.o(.text)
    OSTaskIdleHook                           0x00005a50   ARM Code      56  os_cpu_c.o(.text)
    App_TaskStatHook                         0x00005a88   ARM Code       4  os_cpu_c.o(.text)
    OSTaskStatHook                           0x00005a8c   ARM Code      16  os_cpu_c.o(.text)
    OSTaskStkInit                            0x00005a9c   ARM Code     256  os_cpu_c.o(.text)
    App_TaskSwHook                           0x00005b9c   ARM Code       4  os_cpu_c.o(.text)
    OSTaskSwHook                             0x00005ba0   ARM Code      16  os_cpu_c.o(.text)
    OSStartHighRdy                           0x00005bb0   ARM Code      32  os_cpu_c.o(.text)
    App_TCBInitHook                          0x00005bd0   ARM Code       4  os_cpu_c.o(.text)
    OSTCBInitHook                            0x00005bd4   ARM Code      24  os_cpu_c.o(.text)
    OSTimeTickHook                           0x00005bec   ARM Code      64  os_cpu_c.o(.text)
    _OS_ENTER_OR_EXIT_CRITICAL               0x00005c2c   ARM Code     108  os_cpu_c.o(.text)
    _OS_EXIT_CRITICAL                        0x00005c98   ARM Code      40  os_cpu_c.o(.text)
    Inline ARM to Thumb Veneer to srand      0x00005ce0   ARM Code       8  rand.o(.text)
    srand                                    0x00005ce9   Thumb Code    48  rand.o(.text)
    _rand_init                               0x00005d19   Thumb Code     4  rand.o(.text)
    __aeabi_idiv                             0x00005d28   ARM Code       0  aeabi_sdiv.o(.text)
    __aeabi_idivmod                          0x00005d28   ARM Code     384  aeabi_sdiv.o(.text)
    __use_two_region_memory                  0x00005ea9   Thumb Code     2  heapauxi.o(.text)
    __rt_heap_escrow$2region                 0x00005eab   Thumb Code     2  heapauxi.o(.text)
    __rt_heap_expand$2region                 0x00005ead   Thumb Code     2  heapauxi.o(.text)
    __user_setup_stackheap                   0x00005eb0   ARM Code      96  sys_stackheap_outer.o(.text)
    exit                                     0x00005f11   Thumb Code    12  exit.o(.text)
    __user_libspace                          0x00005f1c   ARM Code      12  libspace.o(.text)
    __user_perproc_libspace                  0x00005f1c   ARM Code       0  libspace.o(.text)
    __user_perthread_libspace                0x00005f1c   ARM Code       0  libspace.o(.text)
    Inline ARM to Thumb Veneer to _sys_exit  0x00005f28   ARM Code       8  sys_exit.o(.text)
    _sys_exit                                0x00005f31   Thumb Code     8  sys_exit.o(.text)
    __I$use$semihosting                      0x00005f3c   ARM Code       0  use_no_semi.o(.text)
    __use_no_semihosting_swi                 0x00005f3c   ARM Code       4  use_no_semi.o(.text)
    __rt_fp_status_addr                      0x00005f40   ARM Code      16  rt_fp_status_addr_intlibspace.o(.text)
    __aeabi_uidiv                            0x00005f50   ARM Code       0  aeabi_sdiv.o(.text_udiv)
    __aeabi_uidivmod                         0x00005f50   ARM Code      36  aeabi_sdiv.o(.text_udiv)
    Inline Thumb to ARM Veneer to _fp_init   0x00005f75   Thumb Code     4  fpinit.o(x$fpl$fpinit)
    _fp_init                                 0x00005f78   ARM Code      24  fpinit.o(x$fpl$fpinit)
    __fplib_config_pureend_doubles           0x00005f88   ARM Code       0  fpinit.o(x$fpl$fpinit)
    OSUnMapTbl                               0x00005f90   Data         256  os_core.o(.constdata)
    OSDebugEn                                0x00006090   Data           2  os_dbg_r.o(.constdata)
    OSEndiannessTest                         0x00006094   Data           4  os_dbg_r.o(.constdata)
    OSEventEn                                0x00006098   Data           2  os_dbg_r.o(.constdata)
    OSEventMax                               0x0000609a   Data           2  os_dbg_r.o(.constdata)
    OSEventNameSize                          0x0000609c   Data           2  os_dbg_r.o(.constdata)
    OSEventSize                              0x0000609e   Data           2  os_dbg_r.o(.constdata)
    OSEventTblSize                           0x000060a0   Data           2  os_dbg_r.o(.constdata)
    OSEventMultiEn                           0x000060a2   Data           2  os_dbg_r.o(.constdata)
    OSFlagEn                                 0x000060a4   Data           2  os_dbg_r.o(.constdata)
    OSFlagGrpSize                            0x000060a6   Data           2  os_dbg_r.o(.constdata)
    OSFlagNodeSize                           0x000060a8   Data           2  os_dbg_r.o(.constdata)
    OSFlagWidth                              0x000060aa   Data           2  os_dbg_r.o(.constdata)
    OSFlagMax                                0x000060ac   Data           2  os_dbg_r.o(.constdata)
    OSFlagNameSize                           0x000060ae   Data           2  os_dbg_r.o(.constdata)
    OSLowestPrio                             0x000060b0   Data           2  os_dbg_r.o(.constdata)
    OSMboxEn                                 0x000060b2   Data           2  os_dbg_r.o(.constdata)
    OSMemEn                                  0x000060b4   Data           2  os_dbg_r.o(.constdata)
    OSMemMax                                 0x000060b6   Data           2  os_dbg_r.o(.constdata)
    OSMemNameSize                            0x000060b8   Data           2  os_dbg_r.o(.constdata)
    OSMemSize                                0x000060ba   Data           2  os_dbg_r.o(.constdata)
    OSMemTblSize                             0x000060bc   Data           2  os_dbg_r.o(.constdata)
    OSMutexEn                                0x000060be   Data           2  os_dbg_r.o(.constdata)
    OSPtrSize                                0x000060c0   Data           2  os_dbg_r.o(.constdata)
    OSQEn                                    0x000060c2   Data           2  os_dbg_r.o(.constdata)
    OSQMax                                   0x000060c4   Data           2  os_dbg_r.o(.constdata)
    OSQSize                                  0x000060c6   Data           2  os_dbg_r.o(.constdata)
    OSRdyTblSize                             0x000060c8   Data           2  os_dbg_r.o(.constdata)
    OSSemEn                                  0x000060ca   Data           2  os_dbg_r.o(.constdata)
    OSStkWidth                               0x000060cc   Data           2  os_dbg_r.o(.constdata)
    OSTaskCreateEn                           0x000060ce   Data           2  os_dbg_r.o(.constdata)
    OSTaskCreateExtEn                        0x000060d0   Data           2  os_dbg_r.o(.constdata)
    OSTaskDelEn                              0x000060d2   Data           2  os_dbg_r.o(.constdata)
    OSTaskIdleStkSize                        0x000060d4   Data           2  os_dbg_r.o(.constdata)
    OSTaskProfileEn                          0x000060d6   Data           2  os_dbg_r.o(.constdata)
    OSTaskMax                                0x000060d8   Data           2  os_dbg_r.o(.constdata)
    OSTaskNameSize                           0x000060da   Data           2  os_dbg_r.o(.constdata)
    OSTaskStatEn                             0x000060dc   Data           2  os_dbg_r.o(.constdata)
    OSTaskStatStkSize                        0x000060de   Data           2  os_dbg_r.o(.constdata)
    OSTaskStatStkChkEn                       0x000060e0   Data           2  os_dbg_r.o(.constdata)
    OSTaskSwHookEn                           0x000060e2   Data           2  os_dbg_r.o(.constdata)
    OSTCBPrioTblMax                          0x000060e4   Data           2  os_dbg_r.o(.constdata)
    OSTCBSize                                0x000060e6   Data           2  os_dbg_r.o(.constdata)
    OSTicksPerSec                            0x000060e8   Data           2  os_dbg_r.o(.constdata)
    OSTimeTickHookEn                         0x000060ea   Data           2  os_dbg_r.o(.constdata)
    OSVersionNbr                             0x000060ec   Data           2  os_dbg_r.o(.constdata)
    OSTmrEn                                  0x000060ee   Data           2  os_dbg_r.o(.constdata)
    OSTmrCfgMax                              0x000060f0   Data           2  os_dbg_r.o(.constdata)
    OSTmrCfgNameSize                         0x000060f2   Data           2  os_dbg_r.o(.constdata)
    OSTmrCfgWheelSize                        0x000060f4   Data           2  os_dbg_r.o(.constdata)
    OSTmrCfgTicksPerSec                      0x000060f6   Data           2  os_dbg_r.o(.constdata)
    OSTmrSize                                0x000060f8   Data           2  os_dbg_r.o(.constdata)
    OSTmrTblSize                             0x000060fa   Data           2  os_dbg_r.o(.constdata)
    OSTmrWheelSize                           0x000060fc   Data           2  os_dbg_r.o(.constdata)
    OSTmrWheelTblSize                        0x000060fe   Data           2  os_dbg_r.o(.constdata)
    OSDataSize                               0x00006100   Data           2  os_dbg_r.o(.constdata)
    Region$$Table$$Base                      0x00006104   Number         0  anon$$obj.o(Region$$Table)
    Region$$Table$$Limit                     0x00006124   Number         0  anon$$obj.o(Region$$Table)
    OSCtxSwCtr                               0x40000000   Data           4  os_core.o(.data)
    OSEventFreeList                          0x40000004   Data           4  os_core.o(.data)
    OSFlagFreeList                           0x40000008   Data           4  os_core.o(.data)
    OSIntNesting                             0x4000000c   Data           1  os_core.o(.data)
    OSLockNesting                            0x4000000d   Data           1  os_core.o(.data)
    OSPrioCur                                0x4000000e   Data           1  os_core.o(.data)
    OSPrioHighRdy                            0x4000000f   Data           1  os_core.o(.data)
    OSRdyGrp                                 0x40000010   Data           1  os_core.o(.data)
    OSRdyTbl                                 0x40000011   Data           8  os_core.o(.data)
    OSRunning                                0x40000019   Data           1  os_core.o(.data)
    OSTaskCtr                                0x4000001a   Data           1  os_core.o(.data)
    OSIdleCtr                                0x4000001c   Data           4  os_core.o(.data)
    OSTCBCur                                 0x40000020   Data           4  os_core.o(.data)
    OSTCBFreeList                            0x40000024   Data           4  os_core.o(.data)
    OSTCBHighRdy                             0x40000028   Data           4  os_core.o(.data)
    OSTCBList                                0x4000002c   Data           4  os_core.o(.data)
    OSTickStepState                          0x40000030   Data           1  os_core.o(.data)
    OSMemFreeList                            0x40000034   Data           4  os_core.o(.data)
    OSQFreeList                              0x40000038   Data           4  os_core.o(.data)
    OSTime                                   0x4000003c   Data           4  os_core.o(.data)
    OSTmrFree                                0x40000040   Data           2  os_core.o(.data)
    OSTmrUsed                                0x40000042   Data           2  os_core.o(.data)
    OSTmrTime                                0x40000044   Data           4  os_core.o(.data)
    OSTmrSem                                 0x40000048   Data           4  os_core.o(.data)
    OSTmrSemSignal                           0x4000004c   Data           4  os_core.o(.data)
    OSTmrFreeList                            0x40000050   Data           4  os_core.o(.data)
    OsEnterSum                               0x4000005c   Data           4  os_cpu_c.o(.data)
    TaskStk0                                 0x40000060   Data         256  mian.o(.bss)
    TaskStk1                                 0x40000160   Data         256  mian.o(.bss)
    TaskStk2                                 0x40000260   Data         256  mian.o(.bss)
    OSEventTbl                               0x40000360   Data         360  os_core.o(.bss)
    OSFlagTbl                                0x400004c8   Data         140  os_core.o(.bss)
    OSTaskIdleStk                            0x40000554   Data         512  os_core.o(.bss)
    OSTCBPrioTbl                             0x40000754   Data         256  os_core.o(.bss)
    OSTCBTbl                                 0x40000854   Data        1932  os_core.o(.bss)
    OSMemTbl                                 0x40000fe0   Data         180  os_core.o(.bss)
    OSQTbl                                   0x40001094   Data          96  os_core.o(.bss)
    OSTmrTbl                                 0x400010f4   Data         832  os_core.o(.bss)
    OSTmrTaskStk                             0x40001434   Data         512  os_core.o(.bss)
    OSTmrWheelTbl                            0x40001634   Data          64  os_core.o(.bss)
    _random_number_data                      0x40001674   Data         228  rand.o(.bss)
    __libspace_start                         0x40001758   Data          96  libspace.o(.bss)
    __temporary_stack_top$libspace           0x400017b8   Data           0  libspace.o(.bss)



==============================================================================

Memory Map of the image

  Image Entry point : 0x0000010c

  Load Region LR_IROM1 (Base: 0x00000000, Size: 0x00006184, Max: 0x00080000, ABSOLUTE)

    Execution Region ER_IROM1 (Base: 0x00000000, Size: 0x00006124, Max: 0x00080000, ABSOLUTE)

    Base Addr    Size         Type   Attr      Idx    E Section Name        Object

    0x00000000   0x0000010c   Code   RO            3    RESET               startup.o
    0x0000010c   0x00000008   Code   RO          270  * !!!main             c_t.l(__main.o)(c_t.l)
    0x00000114   0x0000003c   Code   RO          444    !!!scatter          c_t.l(__scatter.o)(c_t.l)
    0x00000150   0x00000028   Code   RO          446    !!handler_copy      c_t.l(__scatter_copy.o)(c_t.l)
    0x00000178   0x0000002c   Code   RO          448    !!handler_zi        c_t.l(__scatter_zi.o)(c_t.l)
    0x000001a4   0x00000008   Ven    RO          359    .ARM.Collect$$libinit$$00000000  c_t.l(libinit.o)(c_t.l)
    0x000001ac   0x00000006   Code   RO          359    .ARM.Collect$$libinit$$00000000  c_t.l(libinit.o)(c_t.l)
    0x000001b2   0x00000000   Code   RO          280    .ARM.Collect$$libinit$$00000006  c_t.l(libinit2.o)(c_t.l)
    0x000001b2   0x00000000   Code   RO          282    .ARM.Collect$$libinit$$00000008  c_t.l(libinit2.o)(c_t.l)
    0x000001b2   0x00000004   Code   RO          283    .ARM.Collect$$libinit$$00000009  c_t.l(libinit2.o)(c_t.l)
    0x000001b6   0x00000000   Code   RO          284    .ARM.Collect$$libinit$$0000000A  c_t.l(libinit2.o)(c_t.l)
    0x000001b6   0x00000000   Code   RO          287    .ARM.Collect$$libinit$$0000000D  c_t.l(libinit2.o)(c_t.l)
    0x000001b6   0x00000000   Code   RO          289    .ARM.Collect$$libinit$$0000000F  c_t.l(libinit2.o)(c_t.l)
    0x000001b6   0x00000000   Code   RO          291    .ARM.Collect$$libinit$$00000011  c_t.l(libinit2.o)(c_t.l)
    0x000001b6   0x00000000   Code   RO          293    .ARM.Collect$$libinit$$00000013  c_t.l(libinit2.o)(c_t.l)
    0x000001b6   0x00000000   Code   RO          295    .ARM.Collect$$libinit$$00000015  c_t.l(libinit2.o)(c_t.l)
    0x000001b6   0x00000000   Code   RO          297    .ARM.Collect$$libinit$$00000017  c_t.l(libinit2.o)(c_t.l)
    0x000001b6   0x00000000   Code   RO          299    .ARM.Collect$$libinit$$00000019  c_t.l(libinit2.o)(c_t.l)
    0x000001b6   0x00000000   Code   RO          301    .ARM.Collect$$libinit$$0000001B  c_t.l(libinit2.o)(c_t.l)
    0x000001b6   0x00000000   Code   RO          303    .ARM.Collect$$libinit$$0000001D  c_t.l(libinit2.o)(c_t.l)
    0x000001b6   0x00000000   Code   RO          305    .ARM.Collect$$libinit$$0000001F  c_t.l(libinit2.o)(c_t.l)
    0x000001b6   0x00000000   Code   RO          307    .ARM.Collect$$libinit$$00000021  c_t.l(libinit2.o)(c_t.l)
    0x000001b6   0x00000000   Code   RO          311    .ARM.Collect$$libinit$$00000028  c_t.l(libinit2.o)(c_t.l)
    0x000001b6   0x00000000   Code   RO          313    .ARM.Collect$$libinit$$0000002A  c_t.l(libinit2.o)(c_t.l)
    0x000001b6   0x00000000   Code   RO          315    .ARM.Collect$$libinit$$0000002C  c_t.l(libinit2.o)(c_t.l)
    0x000001b6   0x00000000   Code   RO          317    .ARM.Collect$$libinit$$0000002E  c_t.l(libinit2.o)(c_t.l)
    0x000001b6   0x0000000c   Code   RO          318    .ARM.Collect$$libinit$$0000002F  c_t.l(libinit2.o)(c_t.l)
    0x000001c2   0x00000002   PAD
    0x000001c4   0x00000008   Ven    RO          412    .ARM.Collect$$libshutdown$$00000000  c_t.l(libshutdown.o)(c_t.l)
    0x000001cc   0x00000004   Code   RO          412    .ARM.Collect$$libshutdown$$00000000  c_t.l(libshutdown.o)(c_t.l)
    0x000001d0   0x00000000   Code   RO          429    .ARM.Collect$$libshutdown$$00000003  c_t.l(libshutdown2.o)(c_t.l)
    0x000001d0   0x00000000   Code   RO          432    .ARM.Collect$$libshutdown$$00000006  c_t.l(libshutdown2.o)(c_t.l)
    0x000001d0   0x00000000   Code   RO          435    .ARM.Collect$$libshutdown$$00000009  c_t.l(libshutdown2.o)(c_t.l)
    0x000001d0   0x00000000   Code   RO          437    .ARM.Collect$$libshutdown$$0000000B  c_t.l(libshutdown2.o)(c_t.l)
    0x000001d0   0x00000000   Code   RO          440    .ARM.Collect$$libshutdown$$0000000E  c_t.l(libshutdown2.o)(c_t.l)
    0x000001d0   0x00000006   Code   RO          441    .ARM.Collect$$libshutdown$$0000000F  c_t.l(libshutdown2.o)(c_t.l)
    0x000001d6   0x00000002   PAD
    0x000001d8   0x00000000   Code   RO          272    .ARM.Collect$$rtentry$$00000000  c_t.l(rtentry.o)(c_t.l)
    0x000001d8   0x00000000   Code   RO          320    .ARM.Collect$$rtentry$$00000002  c_t.l(rtentry2.o)(c_t.l)
    0x000001d8   0x00000008   Code   RO          335    .ARM.Collect$$rtentry$$00000004  c_t.l(rtentry4.o)(c_t.l)
    0x000001e0   0x00000000   Code   RO          322    .ARM.Collect$$rtentry$$00000009  c_t.l(rtentry2.o)(c_t.l)
    0x000001e0   0x00000004   Code   RO          323    .ARM.Collect$$rtentry$$0000000A  c_t.l(rtentry2.o)(c_t.l)
    0x000001e4   0x00000000   Code   RO          325    .ARM.Collect$$rtentry$$0000000C  c_t.l(rtentry2.o)(c_t.l)
    0x000001e4   0x00000028   Code   RO          326    .ARM.Collect$$rtentry$$0000000D  c_t.l(rtentry2.o)(c_t.l)
    0x0000020c   0x00000004   Ven    RO          365    .ARM.Collect$$rtexit$$00000000  c_t.l(rtexit.o)(c_t.l)
    0x00000210   0x00000004   Code   RO          365    .ARM.Collect$$rtexit$$00000000  c_t.l(rtexit.o)(c_t.l)
    0x00000214   0x00000000   Code   RO          386    .ARM.Collect$$rtexit$$00000002  c_t.l(rtexit2.o)(c_t.l)
    0x00000214   0x00000004   Code   RO          387    .ARM.Collect$$rtexit$$00000003  c_t.l(rtexit2.o)(c_t.l)
    0x00000218   0x00000008   Code   RO          388    .ARM.Collect$$rtexit$$00000004  c_t.l(rtexit2.o)(c_t.l)
    0x00000220   0x00000020   Code   RO            4    .text               startup.o
    0x00000240   0x000000a0   Code   RO           11    .text               mian.o
    0x000002e0   0x0000038c   Code   RO           40    .text               targetinit.o
    0x0000066c   0x000013b8   Code   RO           58    .text               os_core.o
    0x00001a24   0x000001d0   Code   RO           87    .text               os_dbg_r.o
    0x00001bf4   0x00000d90   Code   RO          106    .text               os_flag.o
    0x00002984   0x0000033c   Code   RO          130    .text               os_mem.o
    0x00002cc0   0x00000a28   Code   RO          154    .text               os_q.o
    0x000036e8   0x00000660   Code   RO          166    .text               os_sem.o
    0x00003d48   0x00000be4   Code   RO          178    .text               os_task.o
    0x0000492c   0x000002b0   Code   RO          190    .text               os_time.o
    0x00004bdc   0x00000c0c   Code   RO          202    .text               os_tmr.o
    0x000057e8   0x00000218   Code   RO          214    .text               os_cpu_a.o
    0x00005a00   0x000002e0   Code   RO          217    .text               os_cpu_c.o
    0x00005ce0   0x00000008   Ven    RO          248    .text               c_t.l(rand.o)(c_t.l)
    0x00005ce8   0x00000040   Code   RO          248    .text               c_t.l(rand.o)(c_t.l)
    0x00005d28   0x00000180   Code   RO          252    .text               c_t.l(aeabi_sdiv.o)(c_t.l)
    0x00005ea8   0x00000006   Code   RO          268    .text               c_t.l(heapauxi.o)(c_t.l)
    0x00005eae   0x00000002   PAD
    0x00005eb0   0x00000060   Code   RO          341    .text               c_t.l(sys_stackheap_outer.o)(c_t.l)
    0x00005f10   0x0000000c   Code   RO          343    .text               c_t.l(exit.o)(c_t.l)
    0x00005f1c   0x0000000c   Code   RO          362    .text               c_t.l(libspace.o)(c_t.l)
    0x00005f28   0x00000008   Ven    RO          381    .text               c_t.l(sys_exit.o)(c_t.l)
    0x00005f30   0x0000000c   Code   RO          381    .text               c_t.l(sys_exit.o)(c_t.l)
    0x00005f3c   0x00000004   Code   RO          383    .text               c_t.l(use_no_semi.o)(c_t.l)
    0x00005f40   0x00000010   Code   RO          396    .text               c_t.l(rt_fp_status_addr_intlibspace.o)(c_t.l)
    0x00005f50   0x00000024   Code   RO          253    .text_udiv          c_t.l(aeabi_sdiv.o)(c_t.l)
    0x00005f74   0x00000004   Ven    RO          379    x$fpl$fpinit        fz_ts.l(fpinit.o)(fz_ts.l)
    0x00005f78   0x00000018   Code   RO          379    x$fpl$fpinit        fz_ts.l(fpinit.o)(fz_ts.l)
    0x00005f90   0x00000100   Data   RO           60    .constdata          os_core.o
    0x00006090   0x00000072   Data   RO           88    .constdata          os_dbg_r.o
    0x00006102   0x00000002   PAD
    0x00006104   0x00000020   Data   RO          442    Region$$Table       anon$$obj.o


    Execution Region RW_IRAM1 (Base: 0x40000000, Size: 0x00001cb8, Max: 0x00008000, ABSOLUTE)

    Base Addr    Size         Type   Attr      Idx    E Section Name        Object

    0x40000000   0x00000054   Data   RW           61    .data               os_core.o
    0x40000054   0x0000000c   Data   RW          218    .data               os_cpu_c.o
    0x40000060   0x00000300   Zero   RW           12    .bss                mian.o
    0x40000360   0x00001314   Zero   RW           59    .bss                os_core.o
    0x40001674   0x000000e4   Zero   RW          249    .bss                c_t.l(rand.o)(c_t.l)
    0x40001758   0x00000060   Zero   RW          363    .bss                c_t.l(libspace.o)(c_t.l)
    0x400017b8   0x00000000   Zero   RW            2    HEAP                startup.o
    0x400017b8   0x00000500   Zero   RW            1    STACK               startup.o


==============================================================================

Image component sizes


      Code (inc. data)   RO Data    RW Data    ZI Data      Debug   Object Name

       160         12          0          0        768          0   mian.o
      5048        116        256         84       4884          0   os_core.o
       536         56          0          0          0          0   os_cpu_a.o
       736         32          0         12          0          0   os_cpu_c.o
       464        228        114          0          0          0   os_dbg_r.o
      3472         28          0          0          0          0   os_flag.o
       828         12          0          0          0          0   os_mem.o
      2600         24          0          0          0          0   os_q.o
      1632         20          0          0          0          0   os_sem.o
      3044         40          0          0          0          0   os_task.o
       688         28          0          0          0          0   os_time.o
      3084         84          0          0          0          0   os_tmr.o
       300         60          0          0       1280          0   startup.o
       908         36          0          0          0          0   targetinit.o

    ----------------------------------------------------------------------
     23500        776        404         96       6932          0   Object Totals
         0          0         32          0          0          0   (incl. Generated)
         0          0          2          0          0          0   (incl. Padding)

    ----------------------------------------------------------------------

      Code (inc. data)   RO Data    RW Data    ZI Data      Debug   Library Member Name

         8          0          0          0          0          0   __main.o
        60          8          0          0          0          0   __scatter.o
        40          0          0          0          0          0   __scatter_copy.o
        44          0          0          0          0          0   __scatter_zi.o
       420          0          0          0          0          0   aeabi_sdiv.o
        12          0          0          0          0          0   exit.o
         6          0          0          0          0          0   heapauxi.o
        14          0          0          0          0          0   libinit.o
        16          0          0          0          0          0   libinit2.o
        12          0          0          0          0          0   libshutdown.o
         6          0          0          0          0          0   libshutdown2.o
        12          4          0          0         96          0   libspace.o
        72         12          0          0        228          0   rand.o
        16          4          0          0          0          0   rt_fp_status_addr_intlibspace.o
         0          0          0          0          0          0   rtentry.o
        44          4          0          0          0          0   rtentry2.o
         8          0          0          0          0          0   rtentry4.o
         8          0          0          0          0          0   rtexit.o
        12          0          0          0          0          0   rtexit2.o
        20          4          0          0          0          0   sys_exit.o
        96          0          0          0          0          0   sys_stackheap_outer.o
         4          0          0          0          0          0   use_no_semi.o
        28          0          0          0          0          0   fpinit.o

    ----------------------------------------------------------------------
       964         36          0          0        324          0   Library Totals
         6          0          0          0          0          0   (incl. Padding)

    ----------------------------------------------------------------------

      Code (inc. data)   RO Data    RW Data    ZI Data      Debug   Library Name

       930         36          0          0        324        844   c_t.l
        28          0          0          0          0         80   fz_ts.l

    ----------------------------------------------------------------------
       964         36          0          0        324          0   Library Totals

    ----------------------------------------------------------------------

==============================================================================


      Code (inc. data)   RO Data    RW Data    ZI Data      Debug   

     24464        812        404         96       7256      90180   Grand Totals
     24464        812        404         96       7256      90180   ELF Image Totals
     24464        812        404         96          0          0   ROM Totals

==============================================================================

    Total RO  Size (Code + RO Data)                24868 (  24.29kB)
    Total RW  Size (RW Data + ZI Data)              7352 (   7.18kB)
    Total ROM Size (Code + RO Data + RW Data)      24964 (  24.38kB)

==============================================================================

